2026-09-07 16:27:04.611: [INFO] CurrentProfilePath: C:\Users\Saul\Desktop\AcademiaMonterrey\Semana 5\.metadata\.plugins\org.eclipse.swt\EBWebView\Default
2026-09-07 16:27:04.611: [INFO] Profiles total count: 1
2026-09-07 16:27:04.611: [INFO] Profile: name=Perfil 1 path=C:\Users\Saul\Desktop\AcademiaMonterrey\Semana 5\.metadata\.plugins\org.eclipse.swt\EBWebView\Default lastActive=null
2026-09-07 16:27:04.611: [INFO] LastUsedProfileDir: C:\Users\Saul\Desktop\AcademiaMonterrey\Semana 5\.metadata\.plugins\org.eclipse.swt\EBWebView\Default
2026-09-07 16:27:04.611: [INFO] OnDoneLoading sync enabled: 0
2026-09-07 16:27:04.611: [INFO] BookmarkModelLoaded, ids_reassigned: 0
2026-09-07 16:27:04.611: [INFO] BookmarksLoadDropped droppedNodes=0
2026-09-07 16:27:04.611: [INFO] BookmarksSnapshot Startup total=0 bar=0 other=0 mobile=0 showBar=0 showBarNTP=1
2026-09-07 16:27:13.764: [INFO] BookmarksSnapshot Shutdown total=0 bar=0 other=0 mobile=0 showBar=0 showBarNTP=1
2026-09-07 16:27:14.286: [INFO] CurrentProfilePath: C:\Users\Saul\Desktop\AcademiaMonterrey\Semana 5\.metadata\.plugins\org.eclipse.swt\EBWebView\Default
2026-09-07 16:27:14.286: [INFO] Profiles total count: 1
2026-09-07 16:27:14.286: [INFO] Profile: name=Perfil 1 path=C:\Users\Saul\Desktop\AcademiaMonterrey\Semana 5\.metadata\.plugins\org.eclipse.swt\EBWebView\Default lastActive=2026-09-07T16:27:08.130Z
2026-09-07 16:27:14.286: [INFO] LastUsedProfileDir: C:\Users\Saul\Desktop\AcademiaMonterrey\Semana 5\.metadata\.plugins\org.eclipse.swt\EBWebView\Default
2026-09-07 16:27:14.286: [INFO] MostRecentlyActiveProfile: name=Perfil 1 path=C:\Users\Saul\Desktop\AcademiaMonterrey\Semana 5\.metadata\.plugins\org.eclipse.swt\EBWebView\Default lastActive=2026-09-07T16:27:08.130Z
2026-09-07 16:27:14.286: [INFO] OnDoneLoading sync enabled: 0
2026-09-07 16:27:14.286: [INFO] BookmarkModelLoaded, ids_reassigned: 0
2026-09-07 16:27:14.286: [INFO] BookmarksLoadDropped droppedNodes=0
2026-09-07 16:27:14.286: [INFO] BookmarksSnapshot Startup total=0 bar=0 other=0 mobile=0 showBar=0 showBarNTP=1
2026-09-07 16:27:18.162: [INFO] BookmarksSnapshot Shutdown total=0 bar=0 other=0 mobile=0 showBar=0 showBarNTP=1
2026-09-07 17:38:13.694: [INFO] CurrentProfilePath: C:\Users\Saul\Desktop\AcademiaMonterrey\Semana 5\.metadata\.plugins\org.eclipse.swt\EBWebView\Default
2026-09-07 17:38:13.694: [INFO] Profiles total count: 1
2026-09-07 17:38:13.694: [INFO] Profile: name=Perfil 1 path=C:\Users\Saul\Desktop\AcademiaMonterrey\Semana 5\.metadata\.plugins\org.eclipse.swt\EBWebView\Default lastActive=2026-09-07T16:27:17.277Z
2026-09-07 17:38:13.694: [INFO] LastUsedProfileDir: C:\Users\Saul\Desktop\AcademiaMonterrey\Semana 5\.metadata\.plugins\org.eclipse.swt\EBWebView\Default
2026-09-07 17:38:13.694: [INFO] MostRecentlyActiveProfile: name=Perfil 1 path=C:\Users\Saul\Desktop\AcademiaMonterrey\Semana 5\.metadata\.plugins\org.eclipse.swt\EBWebView\Default lastActive=2026-09-07T16:27:17.277Z
2026-09-07 17:38:13.694: [INFO] OnDoneLoading sync enabled: 0
2026-09-07 17:38:13.694: [INFO] BookmarkModelLoaded, ids_reassigned: 0
2026-09-07 17:38:13.694: [INFO] BookmarksLoadDropped droppedNodes=0
2026-09-07 17:38:13.694: [INFO] BookmarksSnapshot Startup total=0 bar=0 other=0 mobile=0 showBar=0 showBarNTP=1
2026-09-07 17:39:30.200: [INFO] BookmarksSnapshot Shutdown total=0 bar=0 other=0 mobile=0 showBar=0 showBarNTP=1
2026-09-07 17:49:45.221: [INFO] CurrentProfilePath: C:\Users\Saul\Desktop\AcademiaMonterrey\Semana 5\.metadata\.plugins\org.eclipse.swt\EBWebView\Default
2026-09-07 17:49:45.221: [INFO] Profiles total count: 1
2026-09-07 17:49:45.221: [INFO] Profile: name=Perfil 1 path=C:\Users\Saul\Desktop\AcademiaMonterrey\Semana 5\.metadata\.plugins\org.eclipse.swt\EBWebView\Default lastActive=2026-09-07T16:27:17.277Z
2026-09-07 17:49:45.221: [INFO] LastUsedProfileDir: C:\Users\Saul\Desktop\AcademiaMonterrey\Semana 5\.metadata\.plugins\org.eclipse.swt\EBWebView\Default
2026-09-07 17:49:45.221: [INFO] MostRecentlyActiveProfile: name=Perfil 1 path=C:\Users\Saul\Desktop\AcademiaMonterrey\Semana 5\.metadata\.plugins\org.eclipse.swt\EBWebView\Default lastActive=2026-09-07T16:27:17.277Z
2026-09-07 17:49:45.221: [INFO] OnDoneLoading sync enabled: 0
2026-09-07 17:49:45.221: [INFO] BookmarkModelLoaded, ids_reassigned: 0
2026-09-07 17:49:45.221: [INFO] BookmarksLoadDropped droppedNodes=0
2026-09-07 17:49:45.221: [INFO] BookmarksSnapshot Startup total=0 bar=0 other=0 mobile=0 showBar=0 showBarNTP=1
2026-09-07 17:49:45.304: [INFO] BookmarksSnapshot Shutdown total=0 bar=0 other=0 mobile=0 showBar=0 showBarNTP=1
2026-09-07 17:55:36.832: [INFO] CurrentProfilePath: C:\Users\Saul\Desktop\AcademiaMonterrey\Semana 5\.metadata\.plugins\org.eclipse.swt\EBWebView\Default
2026-09-07 17:55:36.832: [INFO] Profiles total count: 1
2026-09-07 17:55:36.832: [INFO] Profile: name=Perfil 1 path=C:\Users\Saul\Desktop\AcademiaMonterrey\Semana 5\.metadata\.plugins\org.eclipse.swt\EBWebView\Default lastActive=2026-09-07T16:27:17.277Z
2026-09-07 17:55:36.832: [INFO] LastUsedProfileDir: C:\Users\Saul\Desktop\AcademiaMonterrey\Semana 5\.metadata\.plugins\org.eclipse.swt\EBWebView\Default
2026-09-07 17:55:36.832: [INFO] MostRecentlyActiveProfile: name=Perfil 1 path=C:\Users\Saul\Desktop\AcademiaMonterrey\Semana 5\.metadata\.plugins\org.eclipse.swt\EBWebView\Default lastActive=2026-09-07T16:27:17.277Z
2026-09-07 17:55:36.832: [INFO] OnDoneLoading sync enabled: 0
2026-09-07 17:55:36.832: [INFO] BookmarkModelLoaded, ids_reassigned: 0
2026-09-07 17:55:36.832: [INFO] BookmarksLoadDropped droppedNodes=0
2026-09-07 17:55:36.832: [INFO] BookmarksSnapshot Startup total=0 bar=0 other=0 mobile=0 showBar=0 showBarNTP=1
2026-09-07 17:56:10.942: [INFO] BookmarksSnapshot Shutdown total=0 bar=0 other=0 mobile=0 showBar=0 showBarNTP=1
2026-09-07 17:59:53.745: [INFO] CurrentProfilePath: C:\Users\Saul\Desktop\AcademiaMonterrey\Semana 5\.metadata\.plugins\org.eclipse.swt\EBWebView\Default
2026-09-07 17:59:53.745: [INFO] Profiles total count: 1
2026-09-07 17:59:53.745: [INFO] Profile: name=Perfil 1 path=C:\Users\Saul\Desktop\AcademiaMonterrey\Semana 5\.metadata\.plugins\org.eclipse.swt\EBWebView\Default lastActive=2026-09-07T16:27:17.277Z
2026-09-07 17:59:53.745: [INFO] LastUsedProfileDir: C:\Users\Saul\Desktop\AcademiaMonterrey\Semana 5\.metadata\.plugins\org.eclipse.swt\EBWebView\Default
2026-09-07 17:59:53.745: [INFO] MostRecentlyActiveProfile: name=Perfil 1 path=C:\Users\Saul\Desktop\AcademiaMonterrey\Semana 5\.metadata\.plugins\org.eclipse.swt\EBWebView\Default lastActive=2026-09-07T16:27:17.277Z
2026-09-07 17:59:53.745: [INFO] OnDoneLoading sync enabled: 0
2026-09-07 17:59:53.745: [INFO] BookmarkModelLoaded, ids_reassigned: 0
2026-09-07 17:59:53.745: [INFO] BookmarksLoadDropped droppedNodes=0
2026-09-07 17:59:53.745: [INFO] BookmarksSnapshot Startup total=0 bar=0 other=0 mobile=0 showBar=0 showBarNTP=1
2026-09-07 18:00:16.038: [INFO] BookmarksSnapshot Shutdown total=0 bar=0 other=0 mobile=0 showBar=0 showBarNTP=1
2026-09-07 18:01:00.583: [INFO] CurrentProfilePath: C:\Users\Saul\Desktop\AcademiaMonterrey\Semana 5\.metadata\.plugins\org.eclipse.swt\EBWebView\Default
2026-09-07 18:01:00.583: [INFO] Profiles total count: 1
2026-09-07 18:01:00.583: [INFO] Profile: name=Perfil 1 path=C:\Users\Saul\Desktop\AcademiaMonterrey\Semana 5\.metadata\.plugins\org.eclipse.swt\EBWebView\Default lastActive=2026-09-07T16:27:17.277Z
2026-09-07 18:01:00.583: [INFO] LastUsedProfileDir: C:\Users\Saul\Desktop\AcademiaMonterrey\Semana 5\.metadata\.plugins\org.eclipse.swt\EBWebView\Default
2026-09-07 18:01:00.583: [INFO] MostRecentlyActiveProfile: name=Perfil 1 path=C:\Users\Saul\Desktop\AcademiaMonterrey\Semana 5\.metadata\.plugins\org.eclipse.swt\EBWebView\Default lastActive=2026-09-07T16:27:17.277Z
2026-09-07 18:01:00.583: [INFO] OnDoneLoading sync enabled: 0
2026-09-07 18:01:00.583: [INFO] BookmarkModelLoaded, ids_reassigned: 0
2026-09-07 18:01:00.583: [INFO] BookmarksLoadDropped droppedNodes=0
2026-09-07 18:01:00.583: [INFO] BookmarksSnapshot Startup total=0 bar=0 other=0 mobile=0 showBar=0 showBarNTP=1
2026-09-07 18:01:03.631: [INFO] BookmarksSnapshot Shutdown total=0 bar=0 other=0 mobile=0 showBar=0 showBarNTP=1
2026-09-07 18:03:55.910: [INFO] CurrentProfilePath: C:\Users\Saul\Desktop\AcademiaMonterrey\Semana 5\.metadata\.plugins\org.eclipse.swt\EBWebView\Default
2026-09-07 18:03:55.910: [INFO] Profiles total count: 1
2026-09-07 18:03:55.910: [INFO] Profile: name=Perfil 1 path=C:\Users\Saul\Desktop\AcademiaMonterrey\Semana 5\.metadata\.plugins\org.eclipse.swt\EBWebView\Default lastActive=2026-09-07T16:27:17.277Z
2026-09-07 18:03:55.910: [INFO] LastUsedProfileDir: C:\Users\Saul\Desktop\AcademiaMonterrey\Semana 5\.metadata\.plugins\org.eclipse.swt\EBWebView\Default
2026-09-07 18:03:55.910: [INFO] MostRecentlyActiveProfile: name=Perfil 1 path=C:\Users\Saul\Desktop\AcademiaMonterrey\Semana 5\.metadata\.plugins\org.eclipse.swt\EBWebView\Default lastActive=2026-09-07T16:27:17.277Z
2026-09-07 18:03:55.910: [INFO] OnDoneLoading sync enabled: 0
2026-09-07 18:03:55.910: [INFO] BookmarkModelLoaded, ids_reassigned: 0
2026-09-07 18:03:55.910: [INFO] BookmarksLoadDropped droppedNodes=0
2026-09-07 18:03:55.910: [INFO] BookmarksSnapshot Startup total=0 bar=0 other=0 mobile=0 showBar=0 showBarNTP=1
2026-09-07 18:04:10.073: [INFO] BookmarksSnapshot Shutdown total=0 bar=0 other=0 mobile=0 showBar=0 showBarNTP=1
2026-09-07 18:06:16.984: [INFO] CurrentProfilePath: C:\Users\Saul\Desktop\AcademiaMonterrey\Semana 5\.metadata\.plugins\org.eclipse.swt\EBWebView\Default
2026-09-07 18:06:16.984: [INFO] Profiles total count: 1
2026-09-07 18:06:16.984: [INFO] Profile: name=Perfil 1 path=C:\Users\Saul\Desktop\AcademiaMonterrey\Semana 5\.metadata\.plugins\org.eclipse.swt\EBWebView\Default lastActive=2026-09-07T16:27:17.277Z
2026-09-07 18:06:16.984: [INFO] LastUsedProfileDir: C:\Users\Saul\Desktop\AcademiaMonterrey\Semana 5\.metadata\.plugins\org.eclipse.swt\EBWebView\Default
2026-09-07 18:06:16.984: [INFO] MostRecentlyActiveProfile: name=Perfil 1 path=C:\Users\Saul\Desktop\AcademiaMonterrey\Semana 5\.metadata\.plugins\org.eclipse.swt\EBWebView\Default lastActive=2026-09-07T16:27:17.277Z
2026-09-07 18:06:16.984: [INFO] OnDoneLoading sync enabled: 0
2026-09-07 18:06:16.984: [INFO] BookmarkModelLoaded, ids_reassigned: 0
2026-09-07 18:06:16.984: [INFO] BookmarksLoadDropped droppedNodes=0
2026-09-07 18:06:16.984: [INFO] BookmarksSnapshot Startup total=0 bar=0 other=0 mobile=0 showBar=0 showBarNTP=1
2026-09-07 18:06:17.088: [INFO] BookmarksSnapshot Shutdown total=0 bar=0 other=0 mobile=0 showBar=0 showBarNTP=1
2026-09-07 18:07:02.024: [INFO] CurrentProfilePath: C:\Users\Saul\Desktop\AcademiaMonterrey\Semana 5\.metadata\.plugins\org.eclipse.swt\EBWebView\Default
2026-09-07 18:07:02.024: [INFO] Profiles total count: 1
2026-09-07 18:07:02.024: [INFO] Profile: name=Perfil 1 path=C:\Users\Saul\Desktop\AcademiaMonterrey\Semana 5\.metadata\.plugins\org.eclipse.swt\EBWebView\Default lastActive=2026-09-07T16:27:17.277Z
2026-09-07 18:07:02.024: [INFO] LastUsedProfileDir: C:\Users\Saul\Desktop\AcademiaMonterrey\Semana 5\.metadata\.plugins\org.eclipse.swt\EBWebView\Default
2026-09-07 18:07:02.024: [INFO] MostRecentlyActiveProfile: name=Perfil 1 path=C:\Users\Saul\Desktop\AcademiaMonterrey\Semana 5\.metadata\.plugins\org.eclipse.swt\EBWebView\Default lastActive=2026-09-07T16:27:17.277Z
2026-09-07 18:07:02.024: [INFO] OnDoneLoading sync enabled: 0
2026-09-07 18:07:02.024: [INFO] BookmarkModelLoaded, ids_reassigned: 0
2026-09-07 18:07:02.024: [INFO] BookmarksLoadDropped droppedNodes=0
2026-09-07 18:07:02.024: [INFO] BookmarksSnapshot Startup total=0 bar=0 other=0 mobile=0 showBar=0 showBarNTP=1
2026-09-07 19:47:38.873: [INFO] BookmarksSnapshot Shutdown total=0 bar=0 other=0 mobile=0 showBar=0 showBarNTP=1
