2026-08-21 21:30:18.427: [INFO] CurrentProfilePath: C:\Users\Saul\Desktop\AcademiaMonterrey\Semana 2\Proyecto1\.metadata\.plugins\org.eclipse.swt\EBWebView\Default
2026-08-21 21:30:18.427: [INFO] Profiles total count: 1
2026-08-21 21:30:18.427: [INFO] Profile: name=Perfil 1 path=C:\Users\Saul\Desktop\AcademiaMonterrey\Semana 2\Proyecto1\.metadata\.plugins\org.eclipse.swt\EBWebView\Default lastActive=null
2026-08-21 21:30:18.427: [INFO] LastUsedProfileDir: C:\Users\Saul\Desktop\AcademiaMonterrey\Semana 2\Proyecto1\.metadata\.plugins\org.eclipse.swt\EBWebView\Default
2026-08-21 21:30:18.427: [INFO] OnDoneLoading sync enabled: 0
2026-08-21 21:30:18.427: [INFO] BookmarkModelLoaded, ids_reassigned: 0
2026-08-21 21:30:18.427: [INFO] BookmarksLoadDropped droppedNodes=0
2026-08-21 21:30:18.427: [INFO] BookmarksSnapshot Startup total=0 bar=0 other=0 mobile=0 showBar=0 showBarNTP=1
2026-08-21 21:30:22.298: [INFO] BookmarksSnapshot Shutdown total=0 bar=0 other=0 mobile=0 showBar=0 showBarNTP=1
2026-08-21 21:33:36.329: [INFO] CurrentProfilePath: C:\Users\Saul\Desktop\AcademiaMonterrey\Semana 2\Proyecto1\.metadata\.plugins\org.eclipse.swt\EBWebView\Default
2026-08-21 21:33:36.329: [INFO] Profiles total count: 1
2026-08-21 21:33:36.329: [INFO] Profile: name=Perfil 1 path=C:\Users\Saul\Desktop\AcademiaMonterrey\Semana 2\Proyecto1\.metadata\.plugins\org.eclipse.swt\EBWebView\Default lastActive=2026-08-21T21:30:18.808Z
2026-08-21 21:33:36.329: [INFO] LastUsedProfileDir: C:\Users\Saul\Desktop\AcademiaMonterrey\Semana 2\Proyecto1\.metadata\.plugins\org.eclipse.swt\EBWebView\Default
2026-08-21 21:33:36.329: [INFO] MostRecentlyActiveProfile: name=Perfil 1 path=C:\Users\Saul\Desktop\AcademiaMonterrey\Semana 2\Proyecto1\.metadata\.plugins\org.eclipse.swt\EBWebView\Default lastActive=2026-08-21T21:30:18.808Z
2026-08-21 21:33:36.329: [INFO] OnDoneLoading sync enabled: 0
2026-08-21 21:33:36.329: [INFO] BookmarkModelLoaded, ids_reassigned: 0
2026-08-21 21:33:36.329: [INFO] BookmarksLoadDropped droppedNodes=0
2026-08-21 21:33:36.329: [INFO] BookmarksSnapshot Startup total=0 bar=0 other=0 mobile=0 showBar=0 showBarNTP=1
2026-08-21 21:33:38.547: [INFO] BookmarksSnapshot Shutdown total=0 bar=0 other=0 mobile=0 showBar=0 showBarNTP=1
2026-08-21 22:30:59.929: [INFO] CurrentProfilePath: C:\Users\Saul\Desktop\AcademiaMonterrey\Semana 2\Proyecto1\.metadata\.plugins\org.eclipse.swt\EBWebView\Default
2026-08-21 22:30:59.929: [INFO] Profiles total count: 1
2026-08-21 22:30:59.929: [INFO] Profile: name=Perfil 1 path=C:\Users\Saul\Desktop\AcademiaMonterrey\Semana 2\Proyecto1\.metadata\.plugins\org.eclipse.swt\EBWebView\Default lastActive=2026-08-21T21:30:18.808Z
2026-08-21 22:30:59.929: [INFO] LastUsedProfileDir: C:\Users\Saul\Desktop\AcademiaMonterrey\Semana 2\Proyecto1\.metadata\.plugins\org.eclipse.swt\EBWebView\Default
2026-08-21 22:30:59.929: [INFO] MostRecentlyActiveProfile: name=Perfil 1 path=C:\Users\Saul\Desktop\AcademiaMonterrey\Semana 2\Proyecto1\.metadata\.plugins\org.eclipse.swt\EBWebView\Default lastActive=2026-08-21T21:30:18.808Z
2026-08-21 22:30:59.929: [INFO] OnDoneLoading sync enabled: 0
2026-08-21 22:30:59.929: [INFO] BookmarkModelLoaded, ids_reassigned: 0
2026-08-21 22:30:59.929: [INFO] BookmarksLoadDropped droppedNodes=0
2026-08-21 22:30:59.929: [INFO] BookmarksSnapshot Startup total=0 bar=0 other=0 mobile=0 showBar=0 showBarNTP=1
2026-08-21 22:36:34.513: [INFO] BookmarksSnapshot Shutdown total=0 bar=0 other=0 mobile=0 showBar=0 showBarNTP=1
2026-08-21 23:00:16.368: [INFO] CurrentProfilePath: C:\Users\Saul\Desktop\AcademiaMonterrey\Semana 2\Proyecto1\.metadata\.plugins\org.eclipse.swt\EBWebView\Default
2026-08-21 23:00:16.368: [INFO] Profiles total count: 1
2026-08-21 23:00:16.368: [INFO] Profile: name=Perfil 1 path=C:\Users\Saul\Desktop\AcademiaMonterrey\Semana 2\Proyecto1\.metadata\.plugins\org.eclipse.swt\EBWebView\Default lastActive=2026-08-21T22:36:32.388Z
2026-08-21 23:00:16.368: [INFO] LastUsedProfileDir: C:\Users\Saul\Desktop\AcademiaMonterrey\Semana 2\Proyecto1\.metadata\.plugins\org.eclipse.swt\EBWebView\Default
2026-08-21 23:00:16.368: [INFO] MostRecentlyActiveProfile: name=Perfil 1 path=C:\Users\Saul\Desktop\AcademiaMonterrey\Semana 2\Proyecto1\.metadata\.plugins\org.eclipse.swt\EBWebView\Default lastActive=2026-08-21T22:36:32.388Z
2026-08-21 23:00:16.368: [INFO] OnDoneLoading sync enabled: 0
2026-08-21 23:00:16.368: [INFO] BookmarkModelLoaded, ids_reassigned: 0
2026-08-21 23:00:16.368: [INFO] BookmarksLoadDropped droppedNodes=0
2026-08-21 23:00:16.368: [INFO] BookmarksSnapshot Startup total=0 bar=0 other=0 mobile=0 showBar=0 showBarNTP=1
2026-08-21 23:39:38.987: [INFO] BookmarksSnapshot Shutdown total=0 bar=0 other=0 mobile=0 showBar=0 showBarNTP=1
