2026-08-21 15:48:49.350: [INFO] CurrentProfilePath: C:\Users\Saul\Desktop\academia\academyMty\proyectosWeb\springBootRest\16-spring-boot-rest-crud-employee-with-spring-data-jpa\.metadata\.plugins\org.eclipse.swt\EBWebView\Default
2026-08-21 15:48:49.350: [INFO] Profiles total count: 1
2026-08-21 15:48:49.350: [INFO] Profile: name=Perfil 1 path=C:\Users\Saul\Desktop\academia\academyMty\proyectosWeb\springBootRest\16-spring-boot-rest-crud-employee-with-spring-data-jpa\.metadata\.plugins\org.eclipse.swt\EBWebView\Default lastActive=null
2026-08-21 15:48:49.350: [INFO] LastUsedProfileDir: C:\Users\Saul\Desktop\academia\academyMty\proyectosWeb\springBootRest\16-spring-boot-rest-crud-employee-with-spring-data-jpa\.metadata\.plugins\org.eclipse.swt\EBWebView\Default
2026-08-21 15:48:49.350: [INFO] OnDoneLoading sync enabled: 0
2026-08-21 15:48:49.350: [INFO] BookmarkModelLoaded, ids_reassigned: 0
2026-08-21 15:48:49.350: [INFO] BookmarksLoadDropped droppedNodes=0
2026-08-21 15:48:49.350: [INFO] BookmarksSnapshot Startup total=0 bar=0 other=0 mobile=0 showBar=0 showBarNTP=1
2026-08-21 15:48:57.641: [INFO] BookmarksSnapshot Shutdown total=0 bar=0 other=0 mobile=0 showBar=0 showBarNTP=1
2026-08-21 15:48:58.109: [INFO] CurrentProfilePath: C:\Users\Saul\Desktop\academia\academyMty\proyectosWeb\springBootRest\16-spring-boot-rest-crud-employee-with-spring-data-jpa\.metadata\.plugins\org.eclipse.swt\EBWebView\Default
2026-08-21 15:48:58.109: [INFO] Profiles total count: 1
2026-08-21 15:48:58.109: [INFO] Profile: name=Perfil 1 path=C:\Users\Saul\Desktop\academia\academyMty\proyectosWeb\springBootRest\16-spring-boot-rest-crud-employee-with-spring-data-jpa\.metadata\.plugins\org.eclipse.swt\EBWebView\Default lastActive=2026-08-21T15:48:49.887Z
2026-08-21 15:48:58.109: [INFO] LastUsedProfileDir: C:\Users\Saul\Desktop\academia\academyMty\proyectosWeb\springBootRest\16-spring-boot-rest-crud-employee-with-spring-data-jpa\.metadata\.plugins\org.eclipse.swt\EBWebView\Default
2026-08-21 15:48:58.109: [INFO] MostRecentlyActiveProfile: name=Perfil 1 path=C:\Users\Saul\Desktop\academia\academyMty\proyectosWeb\springBootRest\16-spring-boot-rest-crud-employee-with-spring-data-jpa\.metadata\.plugins\org.eclipse.swt\EBWebView\Default lastActive=2026-08-21T15:48:49.887Z
2026-08-21 15:48:58.109: [INFO] OnDoneLoading sync enabled: 0
2026-08-21 15:48:58.109: [INFO] BookmarkModelLoaded, ids_reassigned: 0
2026-08-21 15:48:58.109: [INFO] BookmarksLoadDropped droppedNodes=0
2026-08-21 15:48:58.109: [INFO] BookmarksSnapshot Startup total=0 bar=0 other=0 mobile=0 showBar=0 showBarNTP=1
2026-08-21 15:49:13.718: [INFO] BookmarksSnapshot Shutdown total=0 bar=0 other=0 mobile=0 showBar=0 showBarNTP=1
2026-08-21 15:55:50.220: [INFO] CurrentProfilePath: C:\Users\Saul\Desktop\academia\academyMty\proyectosWeb\springBootRest\16-spring-boot-rest-crud-employee-with-spring-data-jpa\.metadata\.plugins\org.eclipse.swt\EBWebView\Default
2026-08-21 15:55:50.220: [INFO] Profiles total count: 1
2026-08-21 15:55:50.221: [INFO] Profile: name=Perfil 1 path=C:\Users\Saul\Desktop\academia\academyMty\proyectosWeb\springBootRest\16-spring-boot-rest-crud-employee-with-spring-data-jpa\.metadata\.plugins\org.eclipse.swt\EBWebView\Default lastActive=2026-08-21T15:49:11.199Z
2026-08-21 15:55:50.221: [INFO] LastUsedProfileDir: C:\Users\Saul\Desktop\academia\academyMty\proyectosWeb\springBootRest\16-spring-boot-rest-crud-employee-with-spring-data-jpa\.metadata\.plugins\org.eclipse.swt\EBWebView\Default
2026-08-21 15:55:50.221: [INFO] MostRecentlyActiveProfile: name=Perfil 1 path=C:\Users\Saul\Desktop\academia\academyMty\proyectosWeb\springBootRest\16-spring-boot-rest-crud-employee-with-spring-data-jpa\.metadata\.plugins\org.eclipse.swt\EBWebView\Default lastActive=2026-08-21T15:49:11.199Z
2026-08-21 15:55:50.221: [INFO] OnDoneLoading sync enabled: 0
2026-08-21 15:55:50.221: [INFO] BookmarkModelLoaded, ids_reassigned: 0
2026-08-21 15:55:50.221: [INFO] BookmarksLoadDropped droppedNodes=0
2026-08-21 15:55:50.221: [INFO] BookmarksSnapshot Startup total=0 bar=0 other=0 mobile=0 showBar=0 showBarNTP=1
2026-08-21 15:56:27.692: [INFO] BookmarksSnapshot Shutdown total=0 bar=0 other=0 mobile=0 showBar=0 showBarNTP=1
